// Jest Snapshot v1, https://goo.gl/fbAQLP

exports[`Home Screen matches snapshot 1`] = `
Array [
  <View
    style={
      Array [
        Object {
          "backgroundColor": "#FFFFFF",
          "paddingBottom": 15,
          "paddingLeft": 15,
          "paddingRight": 15,
          "paddingTop": 15,
        },
      ]
    }
  >
    <Text
      style={
        Array [
          Object {
            "color": "#000000",
            "fontSize": 25,
            "fontWeight": "bold",
            "marginBottom": 10,
          },
        ]
      }
    >
      Weather
    </Text>
  </View>,
  <View
    style={
      Array [
        Object {
          "alignItems": "center",
          "backgroundColor": "#FFFFFF",
          "flexBasis": 0,
          "flexGrow": 1,
          "flexShrink": 1,
          "justifyContent": "center",
        },
      ]
    }
  >
    <View
      style={
        Array [
          Object {
            "paddingBottom": 10,
            "paddingLeft": 15,
            "paddingRight": 15,
            "paddingTop": 0,
            "width": "100%",
          },
        ]
      }
    >
      <View
        style={
          Array [
            Object {
              "backgroundColor": "#F5F8FA",
              "borderColor": "#808080",
              "borderRadius": 15,
              "borderWidth": 0.5,
              "flexDirection": "row",
              "height": 40,
            },
          ]
        }
      >
        <TextInput
          onChangeText={[Function]}
          placeholder="Search a city"
          placeholderTextColor="#969CB2"
          style={
            Array [
              Object {
                "color": "#000000",
                "flexBasis": 0,
                "flexGrow": 1,
                "flexShrink": 1,
                "paddingLeft": 20,
              },
            ]
          }
          testID="text-input"
        />
        <View
          accessible={true}
          collapsable={false}
          focusable={false}
          nativeID="animatedComponent"
          onClick={[Function]}
          onResponderGrant={[Function]}
          onResponderMove={[Function]}
          onResponderRelease={[Function]}
          onResponderTerminate={[Function]}
          onResponderTerminationRequest={[Function]}
          onStartShouldSetResponder={[Function]}
          style={
            Object {
              "alignItems": "center",
              "justifyContent": "center",
              "marginRight": 20,
              "opacity": 1,
            }
          }
          testID="pressable-icon"
        >
          <Image
            source={
              Object {
                "testUri": "../../../src/assets/icons/icSearch.png",
              }
            }
            style={
              Array [
                Object {
                  "tintColor": "#808080",
                },
              ]
            }
          />
        </View>
      </View>
    </View>
    <RCTScrollView
      ListEmptyComponent={[Function]}
      data={Array []}
      getItem={[Function]}
      getItemCount={[Function]}
      keyExtractor={[Function]}
      onContentSizeChange={[Function]}
      onLayout={[Function]}
      onMomentumScrollBegin={[Function]}
      onMomentumScrollEnd={[Function]}
      onScroll={[Function]}
      onScrollBeginDrag={[Function]}
      onScrollEndDrag={[Function]}
      removeClippedSubviews={false}
      renderItem={[Function]}
      scrollEventThrottle={50}
      stickyHeaderIndices={Array []}
      style={
        Array [
          Object {
            "flexBasis": 0,
            "flexGrow": 1,
            "flexShrink": 1,
            "paddingBottom": 10,
            "paddingLeft": 15,
            "paddingRight": 15,
            "paddingTop": 10,
            "width": "100%",
          },
        ]
      }
      viewabilityConfigCallbackPairs={Array []}
    >
      <View>
        <View
          style={
            Array [
              Object {
                "alignItems": "center",
                "flexGrow": 1,
                "justifyContent": "center",
              },
            ]
          }
        >
          <Text
            style={
              Array [
                Object {
                  "color": "#000000",
                  "fontSize": 20,
                  "fontStyle": "italic",
                },
              ]
            }
          >
            Sorry, nothing found
          </Text>
        </View>
      </View>
    </RCTScrollView>
  </View>,
]
`;
